
=== Fri Nov 22 12:04:12 2024

Packages were changed.
Update Mode: updateDependencies

The following packages were added:
  com.unity.2d.sprite@1.0.0
  com.unity.2d.tilemap@1.0.0
  com.unity.collab-proxy@2.0.4
  com.unity.ide.rider@3.0.21
  com.unity.ide.visualstudio@2.0.18
  com.unity.ide.vscode@1.2.5
  com.unity.modules.androidjni@1.0.0
  com.unity.test-framework@1.1.33
  com.unity.timeline@1.6.5
  com.unity.ugui@1.0.0
  com.unity.xr.legacyinputhelpers@2.1.10
The following packages were updated:
  com.unity.ads from version 2.0.8 to 4.4.2
  com.unity.analytics from version 2.0.16 to 3.6.12
  com.unity.purchasing from version 2.0.3 to 4.8.0
  com.unity.textmeshpro from version 1.2.4 to 3.0.6
The following packages were removed:
  com.unity.package-manager-ui@1.9.11

=== Mon Sep  7 00:20:23 2026

Packages were changed.
Update Mode: updateDependencies

The following packages were 已添加:
  com.unity.ai.navigation@1.1.6
The following packages were 已更新:
  com.unity.analytics 从版本 3.6.12 到 3.8.1
  com.unity.collab-proxy 从版本 2.0.4 到 2.7.1
  com.unity.ide.rider 从版本 3.0.21 到 3.0.36
  com.unity.purchasing 从版本 4.8.0 到 4.11.0
  com.unity.textmeshpro 从版本 3.0.6 到 3.0.7
  com.unity.timeline 从版本 1.6.5 到 1.7.7
  com.unity.xr.legacyinputhelpers 从版本 2.1.10 到 2.1.12
